---
source: pgpvis-core/src/convert.rs
expression: value
---
offset: 0
length: 1
inner:
  PolicyUri:
    offset: 0
    length: 1
    inner: "https://example.com/policy/"
