---
source: pgpvis-core/src/convert.rs
expression: value
---
offset: 0
length: 1
inner:
  Features:
    offset: 0
    length: 1
    inner:
      offset: 0
      length: 1
      inner: 15
