---
source: pgpvis-core/src/render.rs
expression: node
---
children:
  - span: ~
    text: Reserved
    children: []
