---
source: pgpvis-core/src/render.rs
expression: node
---
span:
  offset: 0
  length: 1
  inner: ~
text: Unimplemented
children: []
