---
source: pgpvis-core/src/convert.rs
expression: value
---
offset: 0
length: 1
inner:
  IssuerKeyId:
    offset: 0
    length: 1
    inner:
      - 1
      - 1
      - 1
      - 1
      - 1
      - 1
      - 1
      - 1
