---
source: pgpvis-core/src/convert.rs
expression: value
---
offset: 0
length: 0
inner: []
