---
source: pgpvis-core/src/convert.rs
expression: value
---
offset: 0
length: 1
inner:
  encoding: Partial
  length: 0
