---
source: pgpvis-core/src/convert.rs
expression: value
---
offset: 0
length: 1
inner:
  PreferredKeyServer:
    offset: 0
    length: 1
    inner: "hkps://keyserver.example.com/"
