// Vitest Snapshot v1, https://vitest.dev/guide/snapshot.html

exports[`Nodes should match snapshots > 13: User ID > @ 1`] = `
<div>
  <div
    class="p-tree p-component gutter-stable h-screen overflow-auto p-4"
    data-pc-name="tree"
    data-pc-section="root"
    pc1=""
  >
    <!---->
    <!---->
    <div
      class="p-tree-root"
      data-pc-section="wrapper"
    >
      
      
      <ul
        class="p-tree-root-children"
        data-pc-section="rootchildren"
        role="tree"
      >
        
        <li
          aria-expanded="false"
          aria-label="User ID (13): John <john@example.com>"
          aria-level="1"
          aria-posinset="1"
          aria-setsize="2"
          class="p-tree-node"
          data-pc-section="node"
          role="treeitem"
          tabindex="0"
        >
          <div
            class="p-tree-node-content"
            data-p-selectable="false"
            data-p-selected="false"
            data-pc-section="nodecontent"
          >
            <button
              class="p-tree-node-toggle-button"
              data-pc-section="nodetogglebutton"
              tabindex="-1"
              type="button"
            >
              
              <svg
                aria-hidden="true"
                class="p-icon p-tree-node-toggle-icon"
                data-pc-section="nodetoggleicon"
                fill="none"
                height="14"
                viewBox="0 0 14 14"
                width="14"
                xmlns="http://www.w3.org/2000/svg"
              >
                <path
                  d="M4.38708 13C4.28408 13.0005 4.18203 12.9804 4.08691 12.9409C3.99178 12.9014 3.9055 12.8433 3.83313 12.7701C3.68634 12.6231 3.60388 12.4238 3.60388 12.2161C3.60388 12.0084 3.68634 11.8091 3.83313 11.6622L8.50507 6.99022L3.83313 2.31827C3.69467 2.16968 3.61928 1.97313 3.62287 1.77005C3.62645 1.56698 3.70872 1.37322 3.85234 1.22959C3.99596 1.08597 4.18972 1.00371 4.3928 1.00012C4.59588 0.996539 4.79242 1.07192 4.94102 1.21039L10.1669 6.43628C10.3137 6.58325 10.3962 6.78249 10.3962 6.99022C10.3962 7.19795 10.3137 7.39718 10.1669 7.54416L4.94102 12.7701C4.86865 12.8433 4.78237 12.9014 4.68724 12.9409C4.59212 12.9804 4.49007 13.0005 4.38708 13Z"
                  fill="currentColor"
                />
              </svg>
              
            </button>
            <!---->
            <span
              class="p-tree-node-icon"
              data-pc-section="nodeicon"
            />
            <span
              class="p-tree-node-label"
              data-pc-section="nodelabel"
            >
              
              User ID (13): John &lt;john@example.com&gt;
              
            </span>
          </div>
          <!---->
        </li>
        
      </ul>
      
      
    </div>
  </div>
</div>
`;
